---
timestamp: 2026-06-22T12:00:00Z
unknown: Exact Header/Hero internal Y boundary within SECTION-001
why_unknown: Header overlays hero on JPG; grounding review PARTIAL
needed_from_operator: Approve composite SECTION-001 or provide split Y
---
---
timestamp: 2026-06-22T12:30:00Z
unknown: container-main max-width production value
why_unknown: Median 1138px not universal
needed_from_operator: Approve container token
---
---
timestamp: 2026-06-22T12:30:00Z
unknown: Typography px and font-family
why_unknown: JPG does not provide reliable type metrics
needed_from_operator: Type scale approval
---
---
timestamp: 2026-06-22T12:30:00Z
unknown: Exact color HEX values
why_unknown: JPEG COLOR VARIANCE
needed_from_operator: Brand color approval
---
---
timestamp: 2026-06-22T12:30:00Z
unknown: Normalization rows REQUIRES OPERATOR APPROVAL
why_unknown: Medium/low confidence ranges
needed_from_operator: Review normalization table
---
---
timestamp: 2026-06-22T12:30:00Z
unknown: Site-Wide Style Foundation approval
why_unknown: foundation_status PROPOSAL only
needed_from_operator: Gate 2 approval
---
